Watching for file changes with StatReloader
/usr/src/app/backend/api/views.py changed, reloading.
Watching for file changes with StatReloader
/usr/src/app/backend/api/urls.py changed, reloading.
Watching for file changes with StatReloader
Unauthorized: /api/test-email/
Not Found: /favicon.ico
Unauthorized: /api/test-email/
Unauthorized: /api/
Unauthorized: /api/
Unauthorized: /api/test-email/
Not Found: /favicon.ico
Unauthorized: /api/appointments/
Unauthorized: /api/token/
Bad Request: /api/token/
Bad Request: /api/token/
Bad Request: /api/token/
Bad Request: /api/token/
/usr/src/app/backend/api/views.py changed, reloading.
Watching for file changes with StatReloader
Method Not Allowed: /api/test-email/
Method Not Allowed: /api/test-email/
/usr/src/app/backend/api/views.py changed, reloading.
Watching for file changes with StatReloader
Method Not Allowed: /api/test-email/
Not Found: /favicon.ico
Démarrage du test d'envoi d'email
Test de connexion SMTP à mail.5sursync.com:587
Tentative d'envoi d'email à test@5sursync.com
Erreur lors de l'envoi d'email: 'NoneType' object has no attribute 'set_debug_level'
Internal Server Error: /api/test-email/
Method Not Allowed: /api/test-email/
/usr/src/app/backend/api/views.py changed, reloading.
Watching for file changes with StatReloader
Démarrage du test d'envoi d'email
Test de connexion SMTP à mail.5sursync.com:587
Tentative d'envoi d'email à canta699@gmail.com
Erreur lors de l'envoi d'email: 'NoneType' object has no attribute 'set_debug_level'
Internal Server Error: /api/test-email/
Method Not Allowed: /api/test-email/
Not Found: /favicon.ico
Watching for file changes with StatReloader
/usr/src/app/backend/core/settings.py changed, reloading.
Watching for file changes with StatReloader
Watching for file changes with StatReloader
Email envoyé avec succès pour le rendez-vous 1
Watching for file changes with StatReloader
Unauthorized: /api/appointments/
Unauthorized: /api/appointments/stats/
Unauthorized: /api/appointments/
Unauthorized: /api/appointments/stats/
Unauthorized: /api/appointments/
Unauthorized: /api/appointments/stats/
Unauthorized: /api/appointments/
Unauthorized: /api/appointments/stats/
Unauthorized: /api/appointments/
Unauthorized: /api/appointments/stats/
Unauthorized: /api/appointments/
Unauthorized: /api/appointments/stats/
Unauthorized: /api/appointments/
Unauthorized: /api/appointments/stats/
Unauthorized: /api/appointments/
Unauthorized: /api/appointments/stats/
Unauthorized: /api/appointments/
Unauthorized: /api/appointments/stats/
Unauthorized: /api/appointments/
Unauthorized: /api/appointments/stats/
Unauthorized: /api/appointments/
Unauthorized: /api/appointments/stats/
Unauthorized: /api/appointments/
Unauthorized: /api/appointments/stats/
Unauthorized: /api/appointments/
Unauthorized: /api/appointments/stats/
Unauthorized: /api/appointments/
Unauthorized: /api/appointments/stats/
Unauthorized: /api/appointments/stats/
Unauthorized: /api/appointments/
Unauthorized: /api/appointments/
Unauthorized: /api/appointments/stats/
Unauthorized: /api/appointments/
Unauthorized: /api/appointments/stats/
Unauthorized: /api/appointments/
Unauthorized: /api/appointments/stats/
Unauthorized: /api/appointments/
Unauthorized: /api/appointments/stats/
Unauthorized: /api/appointments/
Unauthorized: /api/appointments/stats/
Unauthorized: /api/appointments/
Unauthorized: /api/appointments/stats/
Unauthorized: /api/appointments/
Unauthorized: /api/appointments/stats/
Unauthorized: /api/appointments/
Unauthorized: /api/appointments/stats/
Unauthorized: /api/appointments/
Unauthorized: /api/appointments/stats/
Unauthorized: /api/appointments/
Unauthorized: /api/appointments/stats/
Unauthorized: /api/appointments/
Unauthorized: /api/appointments/stats/
Unauthorized: /api/appointments/
Unauthorized: /api/appointments/stats/
Unauthorized: /api/appointments/
Unauthorized: /api/appointments/stats/
Unauthorized: /api/appointments/
Unauthorized: /api/appointments/stats/
Unauthorized: /api/appointments/
Unauthorized: /api/appointments/stats/
Unauthorized: /api/appointments/
Unauthorized: /api/appointments/stats/
Unauthorized: /api/appointments/
Unauthorized: /api/appointments/stats/
Unauthorized: /api/appointments/
Unauthorized: /api/appointments/stats/
/usr/src/app/backend/api/views.py changed, reloading.
Watching for file changes with StatReloader
/usr/src/app/backend/api/views.py changed, reloading.
Watching for file changes with StatReloader
/usr/src/app/backend/api/views.py changed, reloading.
Watching for file changes with StatReloader
/usr/src/app/backend/api/serializers.py changed, reloading.
Watching for file changes with StatReloader
/usr/src/app/backend/api/serializers.py changed, reloading.
Watching for file changes with StatReloader
Erreur inattendue dans update_appointment pour le rendez-vous 16: No Appointment matches the given query.
Internal Server Error: /api/appointments/16/update/
Email envoyé avec succès pour le rendez-vous 1
Erreur inattendue dans update_appointment pour le rendez-vous 3: No Appointment matches the given query.
Internal Server Error: /api/appointments/3/update/
Unauthorized: /api/appointments/
Unauthorized: /api/appointments/stats/
Unauthorized: /api/appointments/
Unauthorized: /api/appointments/stats/
Unauthorized: /api/appointments/
Unauthorized: /api/appointments/stats/
Unauthorized: /api/appointments/
Unauthorized: /api/appointments/stats/
Unauthorized: /api/appointments/
Unauthorized: /api/appointments/stats/
Unauthorized: /api/appointments/
Unauthorized: /api/appointments/stats/
Unauthorized: /api/appointments/
Unauthorized: /api/appointments/stats/
Unauthorized: /api/appointments/
Unauthorized: /api/appointments/stats/
Unauthorized: /api/appointments/
Unauthorized: /api/appointments/stats/
Unauthorized: /api/appointments/
Unauthorized: /api/appointments/stats/
Unauthorized: /api/appointments/
Unauthorized: /api/appointments/stats/
Unauthorized: /api/appointments/
Unauthorized: /api/appointments/stats/
Unauthorized: /api/appointments/
Unauthorized: /api/appointments/stats/
Unauthorized: /api/appointments/
Unauthorized: /api/appointments/stats/
Unauthorized: /api/appointments/
Unauthorized: /api/appointments/stats/
Unauthorized: /api/appointments/
Unauthorized: /api/appointments/stats/
Unauthorized: /api/appointments/
Unauthorized: /api/appointments/stats/
Unauthorized: /api/appointments/
Unauthorized: /api/appointments/stats/
Unauthorized: /api/appointments/
Unauthorized: /api/appointments/stats/
Unauthorized: /api/appointments/
Unauthorized: /api/appointments/stats/
Unauthorized: /api/appointments/
Unauthorized: /api/appointments/stats/
Unauthorized: /api/appointments/
Unauthorized: /api/appointments/stats/
Unauthorized: /api/appointments/
Unauthorized: /api/appointments/stats/
Unauthorized: /api/appointments/
Unauthorized: /api/appointments/stats/
Unauthorized: /api/appointments/stats/
Unauthorized: /api/appointments/
Unauthorized: /api/appointments/
Unauthorized: /api/appointments/stats/
Unauthorized: /api/appointments/
Unauthorized: /api/appointments/stats/
Unauthorized: /api/appointments/
Unauthorized: /api/appointments/stats/
Unauthorized: /api/appointments/
Unauthorized: /api/appointments/stats/
Unauthorized: /api/appointments/
Unauthorized: /api/appointments/stats/
Unauthorized: /api/appointments/
Unauthorized: /api/appointments/stats/
Unauthorized: /api/appointments/stats/
Unauthorized: /api/appointments/
Unauthorized: /api/appointments/
Unauthorized: /api/appointments/stats/
Unauthorized: /api/appointments/
Unauthorized: /api/appointments/stats/
Unauthorized: /api/appointments/
Unauthorized: /api/appointments/stats/
Unauthorized: /api/appointments/
Unauthorized: /api/appointments/stats/
Unauthorized: /api/appointments/
Unauthorized: /api/appointments/stats/
Unauthorized: /api/appointments/
Unauthorized: /api/appointments/stats/
Unauthorized: /api/appointments/
Unauthorized: /api/appointments/stats/
Unauthorized: /api/appointments/
Unauthorized: /api/appointments/stats/
Unauthorized: /api/appointments/
Unauthorized: /api/appointments/stats/
Unauthorized: /api/appointments/
Unauthorized: /api/appointments/stats/
Unauthorized: /api/appointments/
Unauthorized: /api/appointments/stats/
Unauthorized: /api/appointments/
Unauthorized: /api/appointments/stats/
Unauthorized: /api/appointments/
Unauthorized: /api/appointments/stats/
Unauthorized: /api/appointments/
Unauthorized: /api/appointments/stats/
Unauthorized: /api/appointments/
Unauthorized: /api/appointments/stats/
Unauthorized: /api/appointments/
Unauthorized: /api/appointments/stats/
Unauthorized: /api/appointments/stats/
Unauthorized: /api/appointments/
Unauthorized: /api/appointments/
Unauthorized: /api/appointments/stats/
Unauthorized: /api/appointments/
Unauthorized: /api/appointments/stats/
Unauthorized: /api/appointments/
Unauthorized: /api/appointments/stats/
Unauthorized: /api/appointments/
Unauthorized: /api/appointments/stats/
Unauthorized: /api/appointments/stats/
Unauthorized: /api/appointments/
Unauthorized: /api/appointments/stats/
Unauthorized: /api/appointments/
Unauthorized: /api/appointments/
Unauthorized: /api/appointments/stats/
Unauthorized: /api/appointments/
Unauthorized: /api/appointments/stats/
Unauthorized: /api/appointments/
Unauthorized: /api/appointments/stats/
Unauthorized: /api/appointments/
Unauthorized: /api/appointments/stats/
Unauthorized: /api/appointments/
Unauthorized: /api/appointments/stats/
Unauthorized: /api/appointments/
Unauthorized: /api/appointments/stats/
Unauthorized: /api/appointments/
Unauthorized: /api/appointments/stats/
Unauthorized: /api/appointments/stats/
Unauthorized: /api/appointments/
Unauthorized: /api/appointments/
Unauthorized: /api/appointments/stats/
Unauthorized: /api/appointments/
Unauthorized: /api/appointments/stats/
Unauthorized: /api/appointments/
Unauthorized: /api/appointments/stats/
Unauthorized: /api/appointments/
Unauthorized: /api/appointments/stats/
Unauthorized: /api/appointments/
Unauthorized: /api/appointments/stats/
Unauthorized: /api/appointments/
Unauthorized: /api/appointments/stats/
Unauthorized: /api/appointments/
Unauthorized: /api/appointments/stats/
Unauthorized: /api/appointments/
Unauthorized: /api/appointments/stats/
Unauthorized: /api/appointments/
Unauthorized: /api/appointments/stats/
Unauthorized: /api/appointments/
Unauthorized: /api/appointments/stats/
Unauthorized: /api/appointments/
Unauthorized: /api/appointments/stats/
Unauthorized: /api/appointments/
Unauthorized: /api/appointments/stats/
Unauthorized: /api/appointments/
Unauthorized: /api/appointments/stats/
Unauthorized: /api/appointments/
Unauthorized: /api/appointments/stats/
Unauthorized: /api/appointments/
Unauthorized: /api/appointments/stats/
Unauthorized: /api/appointments/
Unauthorized: /api/appointments/stats/
Unauthorized: /api/appointments/
Unauthorized: /api/appointments/stats/
Unauthorized: /api/appointments/
Unauthorized: /api/appointments/stats/
Unauthorized: /api/appointments/
Unauthorized: /api/appointments/stats/
Unauthorized: /api/appointments/
Unauthorized: /api/appointments/stats/
Unauthorized: /api/appointments/
Unauthorized: /api/appointments/stats/
Unauthorized: /api/appointments/
Unauthorized: /api/appointments/stats/
Unauthorized: /api/appointments/
Unauthorized: /api/appointments/stats/
Unauthorized: /api/appointments/
Unauthorized: /api/appointments/stats/
Unauthorized: /api/appointments/
Unauthorized: /api/appointments/stats/
Unauthorized: /api/appointments/
Unauthorized: /api/appointments/stats/
Unauthorized: /api/appointments/
Unauthorized: /api/appointments/stats/
Unauthorized: /api/appointments/
Unauthorized: /api/appointments/stats/
Unauthorized: /api/appointments/
Unauthorized: /api/appointments/stats/
Unauthorized: /api/appointments/
Unauthorized: /api/appointments/stats/
Unauthorized: /api/appointments/
Unauthorized: /api/appointments/stats/
Unauthorized: /api/appointments/
Unauthorized: /api/appointments/stats/
Unauthorized: /api/appointments/
Unauthorized: /api/appointments/stats/
Unauthorized: /api/appointments/
Unauthorized: /api/appointments/stats/
Unauthorized: /api/appointments/
Unauthorized: /api/appointments/stats/
Unauthorized: /api/appointments/
Unauthorized: /api/appointments/stats/
Unauthorized: /api/appointments/
Unauthorized: /api/appointments/stats/
Unauthorized: /api/appointments/
Unauthorized: /api/appointments/stats/
Unauthorized: /api/appointments/
Unauthorized: /api/appointments/stats/
Unauthorized: /api/appointments/
Unauthorized: /api/appointments/stats/
Unauthorized: /api/appointments/
Unauthorized: /api/appointments/stats/
Unauthorized: /api/appointments/
Unauthorized: /api/appointments/stats/
Unauthorized: /api/appointments/
Unauthorized: /api/appointments/stats/
Unauthorized: /api/appointments/
Unauthorized: /api/appointments/stats/
Unauthorized: /api/appointments/
Unauthorized: /api/appointments/stats/
Unauthorized: /api/appointments/
Unauthorized: /api/appointments/stats/
Unauthorized: /api/appointments/
Unauthorized: /api/appointments/stats/
Unauthorized: /api/appointments/
Unauthorized: /api/appointments/stats/
Unauthorized: /api/appointments/
Unauthorized: /api/appointments/stats/
Unauthorized: /api/appointments/stats/
Unauthorized: /api/appointments/
Unauthorized: /api/appointments/
Unauthorized: /api/appointments/stats/
Unauthorized: /api/appointments/
Unauthorized: /api/appointments/stats/
Unauthorized: /api/appointments/
Unauthorized: /api/appointments/stats/
Unauthorized: /api/appointments/
Unauthorized: /api/appointments/stats/
Unauthorized: /api/appointments/
Unauthorized: /api/appointments/stats/
Unauthorized: /api/appointments/
Unauthorized: /api/appointments/stats/
Unauthorized: /api/appointments/
Unauthorized: /api/appointments/stats/
Unauthorized: /api/appointments/
Unauthorized: /api/appointments/stats/
Unauthorized: /api/appointments/
Unauthorized: /api/appointments/stats/
Unauthorized: /api/appointments/
Unauthorized: /api/appointments/stats/
Unauthorized: /api/appointments/
Unauthorized: /api/appointments/stats/
Unauthorized: /api/appointments/
Unauthorized: /api/appointments/stats/
Unauthorized: /api/appointments/
Unauthorized: /api/appointments/stats/
Unauthorized: /api/appointments/
Unauthorized: /api/appointments/stats/
Unauthorized: /api/appointments/
Unauthorized: /api/appointments/stats/
Unauthorized: /api/appointments/
Unauthorized: /api/appointments/stats/
Unauthorized: /api/appointments/
Unauthorized: /api/appointments/stats/
Unauthorized: /api/appointments/
Unauthorized: /api/appointments/stats/
Unauthorized: /api/appointments/
Unauthorized: /api/appointments/stats/
Unauthorized: /api/appointments/
Unauthorized: /api/appointments/stats/
Unauthorized: /api/appointments/stats/
Unauthorized: /api/appointments/
Unauthorized: /api/appointments/
Unauthorized: /api/appointments/stats/
Unauthorized: /api/appointments/
Unauthorized: /api/appointments/stats/
Unauthorized: /api/appointments/stats/
Unauthorized: /api/appointments/
Unauthorized: /api/appointments/
Unauthorized: /api/appointments/stats/
Unauthorized: /api/appointments/
Unauthorized: /api/appointments/stats/
Unauthorized: /api/appointments/
Unauthorized: /api/appointments/stats/
Unauthorized: /api/appointments/
Unauthorized: /api/appointments/stats/
Unauthorized: /api/appointments/
Unauthorized: /api/appointments/stats/
Unauthorized: /api/appointments/
Unauthorized: /api/appointments/stats/
Unauthorized: /api/appointments/
Unauthorized: /api/appointments/stats/
Unauthorized: /api/appointments/
Unauthorized: /api/appointments/stats/
Unauthorized: /api/appointments/
Unauthorized: /api/appointments/stats/
Unauthorized: /api/appointments/
Unauthorized: /api/appointments/stats/
Unauthorized: /api/appointments/
Unauthorized: /api/appointments/stats/
Unauthorized: /api/appointments/
Unauthorized: /api/appointments/stats/
Unauthorized: /api/appointments/
Unauthorized: /api/appointments/stats/
Unauthorized: /api/appointments/
Unauthorized: /api/appointments/stats/
Unauthorized: /api/appointments/
Unauthorized: /api/appointments/stats/
Unauthorized: /api/appointments/stats/
Unauthorized: /api/appointments/
Unauthorized: /api/appointments/
Unauthorized: /api/appointments/stats/
Unauthorized: /api/appointments/stats/
Unauthorized: /api/appointments/
Unauthorized: /api/appointments/
Unauthorized: /api/appointments/stats/
Unauthorized: /api/appointments/
Unauthorized: /api/appointments/stats/
Unauthorized: /api/appointments/
Unauthorized: /api/appointments/stats/
Unauthorized: /api/appointments/
Unauthorized: /api/appointments/stats/
Unauthorized: /api/appointments/
Unauthorized: /api/appointments/stats/
Unauthorized: /api/appointments/
Unauthorized: /api/appointments/stats/
Unauthorized: /api/appointments/
Unauthorized: /api/appointments/stats/
Unauthorized: /api/appointments/
Unauthorized: /api/appointments/stats/
Unauthorized: /api/appointments/
Unauthorized: /api/appointments/stats/
Unauthorized: /api/appointments/
Unauthorized: /api/appointments/stats/
Unauthorized: /api/appointments/
Unauthorized: /api/appointments/stats/
Unauthorized: /api/appointments/
Unauthorized: /api/appointments/stats/
Unauthorized: /api/appointments/
Unauthorized: /api/appointments/stats/
Unauthorized: /api/appointments/
Unauthorized: /api/appointments/stats/
Unauthorized: /api/appointments/stats/
Unauthorized: /api/appointments/
Unauthorized: /api/appointments/
Unauthorized: /api/appointments/stats/
Unauthorized: /api/appointments/
Unauthorized: /api/appointments/stats/
Unauthorized: /api/appointments/
Unauthorized: /api/appointments/stats/
Unauthorized: /api/appointments/stats/
Unauthorized: /api/appointments/
Unauthorized: /api/appointments/
Unauthorized: /api/appointments/stats/
Unauthorized: /api/appointments/
Unauthorized: /api/appointments/stats/
Unauthorized: /api/appointments/stats/
Unauthorized: /api/appointments/
Unauthorized: /api/appointments/
Unauthorized: /api/appointments/stats/
Unauthorized: /api/appointments/
Unauthorized: /api/appointments/stats/
Unauthorized: /api/appointments/
Unauthorized: /api/appointments/stats/
Unauthorized: /api/appointments/
Unauthorized: /api/appointments/stats/
Unauthorized: /api/appointments/
Unauthorized: /api/appointments/stats/
Unauthorized: /api/appointments/
Unauthorized: /api/appointments/stats/
Unauthorized: /api/appointments/
Unauthorized: /api/appointments/stats/
Unauthorized: /api/appointments/
Unauthorized: /api/appointments/stats/
Unauthorized: /api/appointments/
Unauthorized: /api/appointments/stats/
Unauthorized: /api/appointments/
Unauthorized: /api/appointments/stats/
Unauthorized: /api/appointments/
Unauthorized: /api/appointments/stats/
Unauthorized: /api/appointments/
Unauthorized: /api/appointments/stats/
Unauthorized: /api/appointments/
Unauthorized: /api/appointments/stats/
Unauthorized: /api/appointments/
Unauthorized: /api/appointments/stats/
Unauthorized: /api/appointments/
Unauthorized: /api/appointments/stats/
Unauthorized: /api/appointments/
Unauthorized: /api/appointments/stats/
Unauthorized: /api/appointments/
Unauthorized: /api/appointments/stats/
Unauthorized: /api/appointments/
Unauthorized: /api/appointments/stats/
Unauthorized: /api/appointments/
Unauthorized: /api/appointments/stats/
Unauthorized: /api/appointments/
Unauthorized: /api/appointments/stats/
Unauthorized: /api/appointments/
Unauthorized: /api/appointments/stats/
Unauthorized: /api/appointments/
Unauthorized: /api/appointments/stats/
Unauthorized: /api/appointments/
Unauthorized: /api/appointments/stats/
Unauthorized: /api/appointments/
Unauthorized: /api/appointments/stats/
Unauthorized: /api/appointments/
Unauthorized: /api/appointments/stats/
Unauthorized: /api/appointments/
Unauthorized: /api/appointments/stats/
Unauthorized: /api/appointments/
Unauthorized: /api/appointments/stats/
Unauthorized: /api/appointments/
Unauthorized: /api/appointments/stats/
Unauthorized: /api/appointments/
Unauthorized: /api/appointments/stats/
Unauthorized: /api/appointments/
Unauthorized: /api/appointments/stats/
Unauthorized: /api/appointments/
Unauthorized: /api/appointments/stats/
Unauthorized: /api/appointments/
Unauthorized: /api/appointments/stats/
Unauthorized: /api/appointments/
Unauthorized: /api/appointments/stats/
Unauthorized: /api/appointments/
Unauthorized: /api/appointments/stats/
Unauthorized: /api/appointments/
Unauthorized: /api/appointments/stats/
Unauthorized: /api/appointments/
Unauthorized: /api/appointments/stats/
Unauthorized: /api/appointments/
Unauthorized: /api/appointments/stats/
Unauthorized: /api/appointments/
Unauthorized: /api/appointments/stats/
Unauthorized: /api/appointments/
Unauthorized: /api/appointments/stats/
Unauthorized: /api/appointments/
Unauthorized: /api/appointments/stats/
Unauthorized: /api/appointments/
Unauthorized: /api/appointments/stats/
Unauthorized: /api/appointments/
Unauthorized: /api/appointments/stats/
Unauthorized: /api/appointments/
Unauthorized: /api/appointments/stats/
Unauthorized: /api/appointments/
Unauthorized: /api/appointments/stats/
Unauthorized: /api/appointments/
Unauthorized: /api/appointments/stats/
Unauthorized: /api/appointments/
Unauthorized: /api/appointments/stats/
Unauthorized: /api/appointments/
Unauthorized: /api/appointments/stats/
Unauthorized: /api/appointments/
Unauthorized: /api/appointments/stats/
Unauthorized: /api/appointments/
Unauthorized: /api/appointments/stats/
Unauthorized: /api/appointments/
Unauthorized: /api/appointments/stats/
Unauthorized: /api/appointments/
Unauthorized: /api/appointments/stats/
Unauthorized: /api/appointments/
Unauthorized: /api/appointments/stats/
Unauthorized: /api/appointments/
Unauthorized: /api/appointments/stats/
Unauthorized: /api/appointments/
Unauthorized: /api/appointments/stats/
Unauthorized: /api/appointments/
Unauthorized: /api/appointments/stats/
Unauthorized: /api/appointments/
Unauthorized: /api/appointments/stats/
Unauthorized: /api/appointments/
Unauthorized: /api/appointments/stats/
Unauthorized: /api/appointments/
Unauthorized: /api/appointments/stats/
Unauthorized: /api/appointments/stats/
Unauthorized: /api/appointments/
Unauthorized: /api/appointments/
Unauthorized: /api/appointments/stats/
Unauthorized: /api/appointments/
Unauthorized: /api/appointments/stats/
Unauthorized: /api/appointments/
Unauthorized: /api/appointments/stats/
Unauthorized: /api/appointments/
Unauthorized: /api/appointments/stats/
Unauthorized: /api/appointments/
Unauthorized: /api/appointments/stats/
Unauthorized: /api/appointments/
Unauthorized: /api/appointments/stats/
Unauthorized: /api/appointments/
Unauthorized: /api/appointments/stats/
Unauthorized: /api/appointments/
Unauthorized: /api/appointments/stats/
Unauthorized: /api/appointments/
Unauthorized: /api/appointments/stats/
Unauthorized: /api/appointments/
Unauthorized: /api/appointments/stats/
Unauthorized: /api/appointments/
Unauthorized: /api/appointments/stats/
Unauthorized: /api/appointments/
Unauthorized: /api/appointments/stats/
Unauthorized: /api/appointments/
Unauthorized: /api/appointments/stats/
Unauthorized: /api/appointments/
Unauthorized: /api/appointments/stats/
Unauthorized: /api/appointments/
Unauthorized: /api/appointments/stats/
Unauthorized: /api/appointments/
Unauthorized: /api/appointments/stats/
Unauthorized: /api/appointments/
Unauthorized: /api/appointments/stats/
Unauthorized: /api/appointments/
Unauthorized: /api/appointments/stats/
Unauthorized: /api/appointments/
Unauthorized: /api/appointments/stats/
Unauthorized: /api/appointments/
Unauthorized: /api/appointments/stats/
Unauthorized: /api/appointments/
Unauthorized: /api/appointments/stats/
Unauthorized: /api/appointments/
Unauthorized: /api/appointments/stats/
Unauthorized: /api/appointments/
Unauthorized: /api/appointments/stats/
Unauthorized: /api/appointments/
Unauthorized: /api/appointments/stats/
Unauthorized: /api/appointments/
Unauthorized: /api/appointments/stats/
Unauthorized: /api/appointments/
Unauthorized: /api/appointments/stats/
Unauthorized: /api/appointments/
Unauthorized: /api/appointments/stats/
Unauthorized: /api/appointments/
Unauthorized: /api/appointments/stats/
Unauthorized: /api/appointments/
Unauthorized: /api/appointments/stats/
Unauthorized: /api/appointments/
Unauthorized: /api/appointments/stats/
Unauthorized: /api/appointments/
Unauthorized: /api/appointments/stats/
Unauthorized: /api/appointments/
Unauthorized: /api/appointments/stats/
Unauthorized: /api/appointments/
Unauthorized: /api/appointments/stats/
Unauthorized: /api/appointments/
Unauthorized: /api/appointments/stats/
Unauthorized: /api/appointments/
Unauthorized: /api/appointments/stats/
Unauthorized: /api/appointments/
Unauthorized: /api/appointments/stats/
Unauthorized: /api/appointments/
Unauthorized: /api/appointments/stats/
Unauthorized: /api/appointments/
Unauthorized: /api/appointments/stats/
Unauthorized: /api/appointments/
Unauthorized: /api/appointments/stats/
Unauthorized: /api/appointments/
Unauthorized: /api/appointments/stats/
Unauthorized: /api/appointments/
Unauthorized: /api/appointments/stats/
Unauthorized: /api/appointments/
Unauthorized: /api/appointments/stats/
Unauthorized: /api/appointments/
Unauthorized: /api/appointments/stats/
Unauthorized: /api/appointments/
Unauthorized: /api/appointments/stats/
Unauthorized: /api/appointments/
Unauthorized: /api/appointments/stats/
Unauthorized: /api/appointments/
Unauthorized: /api/appointments/stats/
Unauthorized: /api/appointments/
Unauthorized: /api/appointments/stats/
Unauthorized: /api/appointments/
Unauthorized: /api/appointments/stats/
Unauthorized: /api/appointments/
Unauthorized: /api/appointments/stats/
Unauthorized: /api/appointments/stats/
Unauthorized: /api/appointments/
Unauthorized: /api/appointments/
Unauthorized: /api/appointments/stats/
Unauthorized: /api/appointments/
Unauthorized: /api/appointments/stats/
Unauthorized: /api/appointments/
Unauthorized: /api/appointments/stats/
Unauthorized: /api/appointments/stats/
Unauthorized: /api/appointments/
Unauthorized: /api/appointments/
Unauthorized: /api/appointments/stats/
Unauthorized: /api/appointments/
Unauthorized: /api/appointments/stats/
Unauthorized: /api/appointments/
Unauthorized: /api/appointments/stats/
Unauthorized: /api/appointments/
Unauthorized: /api/appointments/stats/
Unauthorized: /api/appointments/
Unauthorized: /api/appointments/stats/
Unauthorized: /api/appointments/
Unauthorized: /api/appointments/stats/
Unauthorized: /api/appointments/
Unauthorized: /api/appointments/stats/
Unauthorized: /api/appointments/
Unauthorized: /api/appointments/stats/
Unauthorized: /api/appointments/stats/
Unauthorized: /api/appointments/
Unauthorized: /api/appointments/
Unauthorized: /api/appointments/stats/
Unauthorized: /api/appointments/
Unauthorized: /api/appointments/stats/
Unauthorized: /api/appointments/
Unauthorized: /api/appointments/stats/
Unauthorized: /api/appointments/
Unauthorized: /api/appointments/stats/
Unauthorized: /api/appointments/
Unauthorized: /api/appointments/stats/
Unauthorized: /api/appointments/
Unauthorized: /api/appointments/stats/
Internal Server Error: /admin/api/appointment/
Traceback (most recent call last):
  File "/usr/local/lib/python3.10/site-packages/django/db/models/options.py", line 681, in get_field
    return self.fields_map[field_name]
KeyError: 'action_checkbox'

During handling of the above exception, another exception occurred:

Traceback (most recent call last):
  File "/usr/local/lib/python3.10/site-packages/django/contrib/admin/utils.py", line 289, in lookup_field
    f = _get_non_gfk_field(opts, name)
  File "/usr/local/lib/python3.10/site-packages/django/contrib/admin/utils.py", line 322, in _get_non_gfk_field
    field = opts.get_field(name)
  File "/usr/local/lib/python3.10/site-packages/django/db/models/options.py", line 683, in get_field
    raise FieldDoesNotExist(
django.core.exceptions.FieldDoesNotExist: Appointment has no field named 'action_checkbox'

During handling of the above exception, another exception occurred:

Traceback (most recent call last):
  File "/usr/local/lib/python3.10/site-packages/django/core/handlers/exception.py", line 55, in inner
    response = get_response(request)
  File "/usr/local/lib/python3.10/site-packages/django/core/handlers/base.py", line 220, in _get_response
    response = response.render()
  File "/usr/local/lib/python3.10/site-packages/django/template/response.py", line 114, in render
    self.content = self.rendered_content
  File "/usr/local/lib/python3.10/site-packages/django/template/response.py", line 92, in rendered_content
    return template.render(context, self._request)
  File "/usr/local/lib/python3.10/site-packages/django/template/backends/django.py", line 61, in render
    return self.template.render(context)
  File "/usr/local/lib/python3.10/site-packages/django/template/base.py", line 171, in render
    return self._render(context)
  File "/usr/local/lib/python3.10/site-packages/django/template/base.py", line 163, in _render
    return self.nodelist.render(context)
  File "/usr/local/lib/python3.10/site-packages/django/template/base.py", line 1000, in render
    return SafeString("".join([node.render_annotated(context) for node in self]))
  File "/usr/local/lib/python3.10/site-packages/django/template/base.py", line 1000, in <listcomp>
    return SafeString("".join([node.render_annotated(context) for node in self]))
  File "/usr/local/lib/python3.10/site-packages/django/template/base.py", line 961, in render_annotated
    return self.render(context)
  File "/usr/local/lib/python3.10/site-packages/django/template/loader_tags.py", line 159, in render
    return compiled_parent._render(context)
  File "/usr/local/lib/python3.10/site-packages/django/template/base.py", line 163, in _render
    return self.nodelist.render(context)
  File "/usr/local/lib/python3.10/site-packages/django/template/base.py", line 1000, in render
    return SafeString("".join([node.render_annotated(context) for node in self]))
  File "/usr/local/lib/python3.10/site-packages/django/template/base.py", line 1000, in <listcomp>
    return SafeString("".join([node.render_annotated(context) for node in self]))
  File "/usr/local/lib/python3.10/site-packages/django/template/base.py", line 961, in render_annotated
    return self.render(context)
  File "/usr/local/lib/python3.10/site-packages/django/template/loader_tags.py", line 159, in render
    return compiled_parent._render(context)
  File "/usr/local/lib/python3.10/site-packages/django/template/base.py", line 163, in _render
    return self.nodelist.render(context)
  File "/usr/local/lib/python3.10/site-packages/django/template/base.py", line 1000, in render
    return SafeString("".join([node.render_annotated(context) for node in self]))
  File "/usr/local/lib/python3.10/site-packages/django/template/base.py", line 1000, in <listcomp>
    return SafeString("".join([node.render_annotated(context) for node in self]))
  File "/usr/local/lib/python3.10/site-packages/django/template/base.py", line 961, in render_annotated
    return self.render(context)
  File "/usr/local/lib/python3.10/site-packages/django/template/loader_tags.py", line 65, in render
    result = block.nodelist.render(context)
  File "/usr/local/lib/python3.10/site-packages/django/template/base.py", line 1000, in render
    return SafeString("".join([node.render_annotated(context) for node in self]))
  File "/usr/local/lib/python3.10/site-packages/django/template/base.py", line 1000, in <listcomp>
    return SafeString("".join([node.render_annotated(context) for node in self]))
  File "/usr/local/lib/python3.10/site-packages/django/template/base.py", line 961, in render_annotated
    return self.render(context)
  File "/usr/local/lib/python3.10/site-packages/django/template/loader_tags.py", line 65, in render
    result = block.nodelist.render(context)
  File "/usr/local/lib/python3.10/site-packages/django/template/base.py", line 1000, in render
    return SafeString("".join([node.render_annotated(context) for node in self]))
  File "/usr/local/lib/python3.10/site-packages/django/template/base.py", line 1000, in <listcomp>
    return SafeString("".join([node.render_annotated(context) for node in self]))
  File "/usr/local/lib/python3.10/site-packages/django/template/base.py", line 961, in render_annotated
    return self.render(context)
  File "/usr/local/lib/python3.10/site-packages/django/contrib/admin/templatetags/base.py", line 45, in render
    return super().render(context)
  File "/usr/local/lib/python3.10/site-packages/django/template/library.py", line 258, in render
    _dict = self.func(*resolved_args, **resolved_kwargs)
  File "/usr/local/lib/python3.10/site-packages/django/contrib/admin/templatetags/admin_list.py", line 343, in result_list
    "results": list(results(cl)),
  File "/usr/local/lib/python3.10/site-packages/django/contrib/admin/templatetags/admin_list.py", line 319, in results
    yield ResultList(None, items_for_result(cl, res, None))
  File "/usr/local/lib/python3.10/site-packages/django/contrib/admin/templatetags/admin_list.py", line 310, in __init__
    super().__init__(*items)
  File "/usr/local/lib/python3.10/site-packages/django/contrib/admin/templatetags/admin_list.py", line 217, in items_for_result
    f, attr, value = lookup_field(field_name, result, cl.model_admin)
  File "/usr/local/lib/python3.10/site-packages/django/contrib/admin/utils.py", line 298, in lookup_field
    value = attr(obj)
  File "/usr/local/lib/python3.10/site-packages/django/contrib/admin/options.py", line 997, in action_checkbox
    "aria-label": format_html(_("Select this object for an action - {}"), obj),
  File "/usr/local/lib/python3.10/site-packages/django/utils/html.py", line 135, in format_html
    return mark_safe(format_string.format(*args_safe, **kwargs_safe))
  File "/usr/local/lib/python3.10/site-packages/django/utils/html.py", line 117, in conditional_escape
    return escape(text)
  File "/usr/local/lib/python3.10/site-packages/django/utils/functional.py", line 231, in wrapper
    return func(*args, **kwargs)
  File "/usr/local/lib/python3.10/site-packages/django/utils/html.py", line 50, in escape
    return SafeString(html.escape(str(text)))
  File "/usr/src/app/backend/api/models.py", line 24, in __str__
    return f"{self.title} - {self.user.username}"
AttributeError: 'NoneType' object has no attribute 'username'
Not Found: /favicon.ico
Internal Server Error: /admin/api/appointment/
Traceback (most recent call last):
  File "/usr/local/lib/python3.10/site-packages/django/db/models/options.py", line 681, in get_field
    return self.fields_map[field_name]
KeyError: 'action_checkbox'

During handling of the above exception, another exception occurred:

Traceback (most recent call last):
  File "/usr/local/lib/python3.10/site-packages/django/contrib/admin/utils.py", line 289, in lookup_field
    f = _get_non_gfk_field(opts, name)
  File "/usr/local/lib/python3.10/site-packages/django/contrib/admin/utils.py", line 322, in _get_non_gfk_field
    field = opts.get_field(name)
  File "/usr/local/lib/python3.10/site-packages/django/db/models/options.py", line 683, in get_field
    raise FieldDoesNotExist(
django.core.exceptions.FieldDoesNotExist: Appointment has no field named 'action_checkbox'

During handling of the above exception, another exception occurred:

Traceback (most recent call last):
  File "/usr/local/lib/python3.10/site-packages/django/core/handlers/exception.py", line 55, in inner
    response = get_response(request)
  File "/usr/local/lib/python3.10/site-packages/django/core/handlers/base.py", line 220, in _get_response
    response = response.render()
  File "/usr/local/lib/python3.10/site-packages/django/template/response.py", line 114, in render
    self.content = self.rendered_content
  File "/usr/local/lib/python3.10/site-packages/django/template/response.py", line 92, in rendered_content
    return template.render(context, self._request)
  File "/usr/local/lib/python3.10/site-packages/django/template/backends/django.py", line 61, in render
    return self.template.render(context)
  File "/usr/local/lib/python3.10/site-packages/django/template/base.py", line 171, in render
    return self._render(context)
  File "/usr/local/lib/python3.10/site-packages/django/template/base.py", line 163, in _render
    return self.nodelist.render(context)
  File "/usr/local/lib/python3.10/site-packages/django/template/base.py", line 1000, in render
    return SafeString("".join([node.render_annotated(context) for node in self]))
  File "/usr/local/lib/python3.10/site-packages/django/template/base.py", line 1000, in <listcomp>
    return SafeString("".join([node.render_annotated(context) for node in self]))
  File "/usr/local/lib/python3.10/site-packages/django/template/base.py", line 961, in render_annotated
    return self.render(context)
  File "/usr/local/lib/python3.10/site-packages/django/template/loader_tags.py", line 159, in render
    return compiled_parent._render(context)
  File "/usr/local/lib/python3.10/site-packages/django/template/base.py", line 163, in _render
    return self.nodelist.render(context)
  File "/usr/local/lib/python3.10/site-packages/django/template/base.py", line 1000, in render
    return SafeString("".join([node.render_annotated(context) for node in self]))
  File "/usr/local/lib/python3.10/site-packages/django/template/base.py", line 1000, in <listcomp>
    return SafeString("".join([node.render_annotated(context) for node in self]))
  File "/usr/local/lib/python3.10/site-packages/django/template/base.py", line 961, in render_annotated
    return self.render(context)
  File "/usr/local/lib/python3.10/site-packages/django/template/loader_tags.py", line 159, in render
    return compiled_parent._render(context)
  File "/usr/local/lib/python3.10/site-packages/django/template/base.py", line 163, in _render
    return self.nodelist.render(context)
  File "/usr/local/lib/python3.10/site-packages/django/template/base.py", line 1000, in render
    return SafeString("".join([node.render_annotated(context) for node in self]))
  File "/usr/local/lib/python3.10/site-packages/django/template/base.py", line 1000, in <listcomp>
    return SafeString("".join([node.render_annotated(context) for node in self]))
  File "/usr/local/lib/python3.10/site-packages/django/template/base.py", line 961, in render_annotated
    return self.render(context)
  File "/usr/local/lib/python3.10/site-packages/django/template/loader_tags.py", line 65, in render
    result = block.nodelist.render(context)
  File "/usr/local/lib/python3.10/site-packages/django/template/base.py", line 1000, in render
    return SafeString("".join([node.render_annotated(context) for node in self]))
  File "/usr/local/lib/python3.10/site-packages/django/template/base.py", line 1000, in <listcomp>
    return SafeString("".join([node.render_annotated(context) for node in self]))
  File "/usr/local/lib/python3.10/site-packages/django/template/base.py", line 961, in render_annotated
    return self.render(context)
  File "/usr/local/lib/python3.10/site-packages/django/template/loader_tags.py", line 65, in render
    result = block.nodelist.render(context)
  File "/usr/local/lib/python3.10/site-packages/django/template/base.py", line 1000, in render
    return SafeString("".join([node.render_annotated(context) for node in self]))
  File "/usr/local/lib/python3.10/site-packages/django/template/base.py", line 1000, in <listcomp>
    return SafeString("".join([node.render_annotated(context) for node in self]))
  File "/usr/local/lib/python3.10/site-packages/django/template/base.py", line 961, in render_annotated
    return self.render(context)
  File "/usr/local/lib/python3.10/site-packages/django/contrib/admin/templatetags/base.py", line 45, in render
    return super().render(context)
  File "/usr/local/lib/python3.10/site-packages/django/template/library.py", line 258, in render
    _dict = self.func(*resolved_args, **resolved_kwargs)
  File "/usr/local/lib/python3.10/site-packages/django/contrib/admin/templatetags/admin_list.py", line 343, in result_list
    "results": list(results(cl)),
  File "/usr/local/lib/python3.10/site-packages/django/contrib/admin/templatetags/admin_list.py", line 319, in results
    yield ResultList(None, items_for_result(cl, res, None))
  File "/usr/local/lib/python3.10/site-packages/django/contrib/admin/templatetags/admin_list.py", line 310, in __init__
    super().__init__(*items)
  File "/usr/local/lib/python3.10/site-packages/django/contrib/admin/templatetags/admin_list.py", line 217, in items_for_result
    f, attr, value = lookup_field(field_name, result, cl.model_admin)
  File "/usr/local/lib/python3.10/site-packages/django/contrib/admin/utils.py", line 298, in lookup_field
    value = attr(obj)
  File "/usr/local/lib/python3.10/site-packages/django/contrib/admin/options.py", line 997, in action_checkbox
    "aria-label": format_html(_("Select this object for an action - {}"), obj),
  File "/usr/local/lib/python3.10/site-packages/django/utils/html.py", line 135, in format_html
    return mark_safe(format_string.format(*args_safe, **kwargs_safe))
  File "/usr/local/lib/python3.10/site-packages/django/utils/html.py", line 117, in conditional_escape
    return escape(text)
  File "/usr/local/lib/python3.10/site-packages/django/utils/functional.py", line 231, in wrapper
    return func(*args, **kwargs)
  File "/usr/local/lib/python3.10/site-packages/django/utils/html.py", line 50, in escape
    return SafeString(html.escape(str(text)))
  File "/usr/src/app/backend/api/models.py", line 24, in __str__
    return f"{self.title} - {self.user.username}"
AttributeError: 'NoneType' object has no attribute 'username'
Not Found: /favicon.ico
Internal Server Error: /admin/api/appointment/
Traceback (most recent call last):
  File "/usr/local/lib/python3.10/site-packages/django/db/models/options.py", line 681, in get_field
    return self.fields_map[field_name]
KeyError: 'action_checkbox'

During handling of the above exception, another exception occurred:

Traceback (most recent call last):
  File "/usr/local/lib/python3.10/site-packages/django/contrib/admin/utils.py", line 289, in lookup_field
    f = _get_non_gfk_field(opts, name)
  File "/usr/local/lib/python3.10/site-packages/django/contrib/admin/utils.py", line 322, in _get_non_gfk_field
    field = opts.get_field(name)
  File "/usr/local/lib/python3.10/site-packages/django/db/models/options.py", line 683, in get_field
    raise FieldDoesNotExist(
django.core.exceptions.FieldDoesNotExist: Appointment has no field named 'action_checkbox'

During handling of the above exception, another exception occurred:

Traceback (most recent call last):
  File "/usr/local/lib/python3.10/site-packages/django/core/handlers/exception.py", line 55, in inner
    response = get_response(request)
  File "/usr/local/lib/python3.10/site-packages/django/core/handlers/base.py", line 220, in _get_response
    response = response.render()
  File "/usr/local/lib/python3.10/site-packages/django/template/response.py", line 114, in render
    self.content = self.rendered_content
  File "/usr/local/lib/python3.10/site-packages/django/template/response.py", line 92, in rendered_content
    return template.render(context, self._request)
  File "/usr/local/lib/python3.10/site-packages/django/template/backends/django.py", line 61, in render
    return self.template.render(context)
  File "/usr/local/lib/python3.10/site-packages/django/template/base.py", line 171, in render
    return self._render(context)
  File "/usr/local/lib/python3.10/site-packages/django/template/base.py", line 163, in _render
    return self.nodelist.render(context)
  File "/usr/local/lib/python3.10/site-packages/django/template/base.py", line 1000, in render
    return SafeString("".join([node.render_annotated(context) for node in self]))
  File "/usr/local/lib/python3.10/site-packages/django/template/base.py", line 1000, in <listcomp>
    return SafeString("".join([node.render_annotated(context) for node in self]))
  File "/usr/local/lib/python3.10/site-packages/django/template/base.py", line 961, in render_annotated
    return self.render(context)
  File "/usr/local/lib/python3.10/site-packages/django/template/loader_tags.py", line 159, in render
    return compiled_parent._render(context)
  File "/usr/local/lib/python3.10/site-packages/django/template/base.py", line 163, in _render
    return self.nodelist.render(context)
  File "/usr/local/lib/python3.10/site-packages/django/template/base.py", line 1000, in render
    return SafeString("".join([node.render_annotated(context) for node in self]))
  File "/usr/local/lib/python3.10/site-packages/django/template/base.py", line 1000, in <listcomp>
    return SafeString("".join([node.render_annotated(context) for node in self]))
  File "/usr/local/lib/python3.10/site-packages/django/template/base.py", line 961, in render_annotated
    return self.render(context)
  File "/usr/local/lib/python3.10/site-packages/django/template/loader_tags.py", line 159, in render
    return compiled_parent._render(context)
  File "/usr/local/lib/python3.10/site-packages/django/template/base.py", line 163, in _render
    return self.nodelist.render(context)
  File "/usr/local/lib/python3.10/site-packages/django/template/base.py", line 1000, in render
    return SafeString("".join([node.render_annotated(context) for node in self]))
  File "/usr/local/lib/python3.10/site-packages/django/template/base.py", line 1000, in <listcomp>
    return SafeString("".join([node.render_annotated(context) for node in self]))
  File "/usr/local/lib/python3.10/site-packages/django/template/base.py", line 961, in render_annotated
    return self.render(context)
  File "/usr/local/lib/python3.10/site-packages/django/template/loader_tags.py", line 65, in render
    result = block.nodelist.render(context)
  File "/usr/local/lib/python3.10/site-packages/django/template/base.py", line 1000, in render
    return SafeString("".join([node.render_annotated(context) for node in self]))
  File "/usr/local/lib/python3.10/site-packages/django/template/base.py", line 1000, in <listcomp>
    return SafeString("".join([node.render_annotated(context) for node in self]))
  File "/usr/local/lib/python3.10/site-packages/django/template/base.py", line 961, in render_annotated
    return self.render(context)
  File "/usr/local/lib/python3.10/site-packages/django/template/loader_tags.py", line 65, in render
    result = block.nodelist.render(context)
  File "/usr/local/lib/python3.10/site-packages/django/template/base.py", line 1000, in render
    return SafeString("".join([node.render_annotated(context) for node in self]))
  File "/usr/local/lib/python3.10/site-packages/django/template/base.py", line 1000, in <listcomp>
    return SafeString("".join([node.render_annotated(context) for node in self]))
  File "/usr/local/lib/python3.10/site-packages/django/template/base.py", line 961, in render_annotated
    return self.render(context)
  File "/usr/local/lib/python3.10/site-packages/django/contrib/admin/templatetags/base.py", line 45, in render
    return super().render(context)
  File "/usr/local/lib/python3.10/site-packages/django/template/library.py", line 258, in render
    _dict = self.func(*resolved_args, **resolved_kwargs)
  File "/usr/local/lib/python3.10/site-packages/django/contrib/admin/templatetags/admin_list.py", line 343, in result_list
    "results": list(results(cl)),
  File "/usr/local/lib/python3.10/site-packages/django/contrib/admin/templatetags/admin_list.py", line 319, in results
    yield ResultList(None, items_for_result(cl, res, None))
  File "/usr/local/lib/python3.10/site-packages/django/contrib/admin/templatetags/admin_list.py", line 310, in __init__
    super().__init__(*items)
  File "/usr/local/lib/python3.10/site-packages/django/contrib/admin/templatetags/admin_list.py", line 217, in items_for_result
    f, attr, value = lookup_field(field_name, result, cl.model_admin)
  File "/usr/local/lib/python3.10/site-packages/django/contrib/admin/utils.py", line 298, in lookup_field
    value = attr(obj)
  File "/usr/local/lib/python3.10/site-packages/django/contrib/admin/options.py", line 997, in action_checkbox
    "aria-label": format_html(_("Select this object for an action - {}"), obj),
  File "/usr/local/lib/python3.10/site-packages/django/utils/html.py", line 135, in format_html
    return mark_safe(format_string.format(*args_safe, **kwargs_safe))
  File "/usr/local/lib/python3.10/site-packages/django/utils/html.py", line 117, in conditional_escape
    return escape(text)
  File "/usr/local/lib/python3.10/site-packages/django/utils/functional.py", line 231, in wrapper
    return func(*args, **kwargs)
  File "/usr/local/lib/python3.10/site-packages/django/utils/html.py", line 50, in escape
    return SafeString(html.escape(str(text)))
  File "/usr/src/app/backend/api/models.py", line 24, in __str__
    return f"{self.title} - {self.user.username}"
AttributeError: 'NoneType' object has no attribute 'username'
Not Found: /favicon.ico
Not Found: /favicon.ico
/usr/src/app/backend/api/models.py changed, reloading.
Watching for file changes with StatReloader
Not Found: /favicon.ico
Email envoyé avec succès pour le rendez-vous 31
